------------------------------------------------------------
TimeQuest Timing Analyzer Summary
------------------------------------------------------------

Type  : Slow Model Setup 'mclk'
Slack : -1.020
TNS   : -1.711

Type  : Slow Model Setup 'clk'
Slack : -0.281
TNS   : -1.079

Type  : Slow Model Setup 'INST[24]'
Slack : 0.476
TNS   : 0.000

Type  : Slow Model Hold 'INST[24]'
Slack : -1.363
TNS   : -15.050

Type  : Slow Model Hold 'mclk'
Slack : 0.094
TNS   : 0.000

Type  : Slow Model Hold 'clk'
Slack : 0.523
TNS   : 0.000

Type  : Slow Model Recovery 'INST[24]'
Slack : 0.341
TNS   : 0.000

Type  : Slow Model Removal 'INST[24]'
Slack : -1.252
TNS   : -7.800

Type  : Slow Model Minimum Pulse Width 'clk'
Slack : -1.380
TNS   : -7.380

Type  : Slow Model Minimum Pulse Width 'mclk'
Slack : -1.380
TNS   : -3.380

Type  : Slow Model Minimum Pulse Width 'INST[24]'
Slack : -1.222
TNS   : -1.222

Type  : Fast Model Setup 'mclk'
Slack : -0.188
TNS   : -0.236

Type  : Fast Model Setup 'clk'
Slack : 0.211
TNS   : 0.000

Type  : Fast Model Setup 'INST[24]'
Slack : 0.466
TNS   : 0.000

Type  : Fast Model Hold 'INST[24]'
Slack : -0.938
TNS   : -8.880

Type  : Fast Model Hold 'mclk'
Slack : -0.227
TNS   : -0.360

Type  : Fast Model Hold 'clk'
Slack : 0.259
TNS   : 0.000

Type  : Fast Model Recovery 'INST[24]'
Slack : 0.620
TNS   : 0.000

Type  : Fast Model Removal 'INST[24]'
Slack : -0.443
TNS   : -2.389

Type  : Fast Model Minimum Pulse Width 'clk'
Slack : -1.380
TNS   : -7.380

Type  : Fast Model Minimum Pulse Width 'mclk'
Slack : -1.380
TNS   : -3.380

Type  : Fast Model Minimum Pulse Width 'INST[24]'
Slack : -1.222
TNS   : -1.222

------------------------------------------------------------
